{"n": 4, "m": 4, "pieces": {"(0, 1)": "Q", "(1, 3)": "Q", "(3, 2)": "Q", "(2, 0)": "Q"}}
{"n": 4, "m": 4, "pieces": {"(2, 3)": "Q", "(3, 1)": "Q", "(1, 0)": "Q", "(0, 2)": "Q"}}
{"n": 4, "m": 4, "pieces": {"(0, 1)": "Q", "(1, 3)": "Q", "(3, 2)": "Q", "(2, 0)": "Q"}}
{"n": 4, "m": 4, "pieces": {"(2, 3)": "Q", "(3, 1)": "Q", "(1, 0)": "Q", "(0, 2)": "Q"}}
{"n": 4, "m": 4, "pieces": {"(0, 1)": "Q", "(1, 3)": "Q", "(3, 2)": "Q", "(2, 0)": "Q"}}
{"n": 4, "m": 4, "pieces": {"(2, 3)": "Q", "(3, 1)": "Q", "(1, 0)": "Q", "(0, 2)": "Q"}}
{"n": 4, "m": 4, "pieces": {"(0, 1)": "Q", "(1, 3)": "Q", "(3, 2)": "Q", "(2, 0)": "Q"}}
{"n": 4, "m": 4, "pieces": {"(2, 3)": "Q", "(3, 1)": "Q", "(1, 0)": "Q", "(0, 2)": "Q"}}
{"n": 4, "m": 4, "pieces": {"(0, 1)": "Q", "(1, 3)": "Q", "(3, 2)": "Q", "(2, 0)": "Q"}}
{"n": 4, "m": 4, "pieces": {"(2, 3)": "Q", "(3, 1)": "Q", "(1, 0)": "Q", "(0, 2)": "Q"}}
{"n": 4, "m": 4, "pieces": {"(0, 1)": "Q", "(1, 3)": "Q", "(3, 2)": "Q", "(2, 0)": "Q"}}
{"n": 4, "m": 4, "pieces": {"(2, 3)": "Q", "(3, 1)": "Q", "(1, 0)": "Q", "(0, 2)": "Q"}}
{"n": 4, "m": 4, "pieces": {"(0, 1)": "Q", "(1, 3)": "Q", "(3, 2)": "Q", "(2, 0)": "Q"}}
{"n": 4, "m": 4, "pieces": {"(2, 3)": "Q", "(3, 1)": "Q", "(1, 0)": "Q", "(0, 2)": "Q"}}
{"n": 4, "m": 4, "pieces": {"(0, 1)": "Q", "(1, 3)": "Q", "(3, 2)": "Q", "(2, 0)": "Q"}}
{"n": 4, "m": 4, "pieces": {"(2, 3)": "Q", "(3, 1)": "Q", "(1, 0)": "Q", "(0, 2)": "Q"}}
{"n": 4, "m": 4, "pieces": {"(0, 1)": "Q", "(1, 3)": "Q", "(3, 2)": "Q", "(2, 0)": "Q"}}
{"n": 4, "m": 4, "pieces": {"(2, 3)": "Q", "(3, 1)": "Q", "(1, 0)": "Q", "(0, 2)": "Q"}}
{"n": 4, "m": 4, "pieces": {"(0, 1)": "Q", "(1, 3)": "Q", "(3, 2)": "Q", "(2, 0)": "Q"}}
{"n": 4, "m": 4, "pieces": {"(2, 3)": "Q", "(3, 1)": "Q", "(1, 0)": "Q", "(0, 2)": "Q"}}
{"n": 4, "m": 4, "pieces": {"(0, 1)": "Q", "(1, 3)": "Q", "(3, 2)": "Q", "(2, 0)": "Q"}}
{"n": 4, "m": 4, "pieces": {"(2, 3)": "Q", "(3, 1)": "Q", "(1, 0)": "Q", "(0, 2)": "Q"}}
{"n": 4, "m": 4, "pieces": {"(0, 1)": "Q", "(1, 3)": "Q", "(3, 2)": "Q", "(2, 0)": "Q"}}
{"n": 4, "m": 4, "pieces": {"(2, 3)": "Q", "(3, 1)": "Q", "(1, 0)": "Q", "(0, 2)": "Q"}}
{"n": 4, "m": 4, "pieces": {"(0, 1)": "Q", "(1, 3)": "Q", "(3, 2)": "Q", "(2, 0)": "Q"}}
{"n": 4, "m": 4, "pieces": {"(2, 3)": "Q", "(3, 1)": "Q", "(1, 0)": "Q", "(0, 2)": "Q"}}
{"n": 4, "m": 4, "pieces": {"(0, 1)": "Q", "(1, 3)": "Q", "(3, 2)": "Q", "(2, 0)": "Q"}}
{"n": 4, "m": 4, "pieces": {"(2, 3)": "Q", "(3, 1)": "Q", "(1, 0)": "Q", "(0, 2)": "Q"}}
{"n": 4, "m": 4, "pieces": {"(0, 1)": "Q", "(1, 3)": "Q", "(3, 2)": "Q", "(2, 0)": "Q"}}
{"n": 4, "m": 4, "pieces": {"(2, 3)": "Q", "(3, 1)": "Q", "(1, 0)": "Q", "(0, 2)": "Q"}}
{"n": 4, "m": 4, "pieces": {"(0, 1)": "Q", "(1, 3)": "Q", "(3, 2)": "Q", "(2, 0)": "Q"}}
{"n": 4, "m": 4, "pieces": {"(2, 3)": "Q", "(3, 1)": "Q", "(1, 0)": "Q", "(0, 2)": "Q"}}
{"n": 4, "m": 4, "pieces": {"(0, 1)": "Q", "(1, 3)": "Q", "(3, 2)": "Q", "(2, 0)": "Q"}}
{"n": 4, "m": 4, "pieces": {"(2, 3)": "Q", "(3, 1)": "Q", "(1, 0)": "Q", "(0, 2)": "Q"}}
{"n": 4, "m": 4, "pieces": {"(0, 1)": "Q", "(1, 3)": "Q", "(3, 2)": "Q", "(2, 0)": "Q"}}
{"n": 4, "m": 4, "pieces": {"(2, 3)": "Q", "(3, 1)": "Q", "(1, 0)": "Q", "(0, 2)": "Q"}}
{"n": 4, "m": 4, "pieces": {"(0, 1)": "Q", "(1, 3)": "Q", "(3, 2)": "Q", "(2, 0)": "Q"}}
{"n": 4, "m": 4, "pieces": {"(2, 3)": "Q", "(3, 1)": "Q", "(1, 0)": "Q", "(0, 2)": "Q"}}
{"n": 4, "m": 4, "pieces": {"(0, 1)": "Q", "(1, 3)": "Q", "(3, 2)": "Q", "(2, 0)": "Q"}}
{"n": 4, "m": 4, "pieces": {"(2, 3)": "Q", "(3, 1)": "Q", "(1, 0)": "Q", "(0, 2)": "Q"}}
